Kotlin Toolchain version 0.12.0-dev-4189 (63130a5, 2026-07-30)
running on Linux 6.17.0-1020-azure jvm arch amd64

00:01.621 DEBUG                           AmperBackend              Selected tasks to compile: :portfolio-in-compose-multiplatform:buildWasmJsAppWasmJsRelease :portfolio-in-compose-multiplatform:compileWasmJs :portfolio-in-compose-multiplatform:compileWasmJsTest :portfolio-in-compose-multiplatform:linkWasmJsRelease :portfolio-in-compose-multiplatform:linkWasmJsTestRelease
00:01.684 DEBUG generated/portfolio-in-compose-multiplatform/wasmJsTest/preparedComposeResources IncrementalCache          [inc] State file '/home/runner/work/portfolio-in-compose-multiplatform/portfolio-in-compose-multiplatform/build/incremental.state/generated_portfolio-in-compose-multiplatform_wasmJ-6d53906b58' was generated with potentially different logic -> rebuilding
old: 0.12.0-dev-4184
current: 0.12.0-dev-4189
00:01.684 DEBUG generated/portfolio-in-compose-multiplatform/web/preparedComposeResources IncrementalCache          [inc] State file '/home/runner/work/portfolio-in-compose-multiplatform/portfolio-in-compose-multiplatform/build/incremental.state/generated_portfolio-in-compose-multiplatform_web_p-21dcea8bf2' was generated with potentially different logic -> rebuilding
old: 0.12.0-dev-4184
current: 0.12.0-dev-4189
00:01.685 DEBUG generated/portfolio-in-compose-multiplatform/wasmJsTest/preparedComposeResources IncrementalCache          [inc] building 'generated/portfolio-in-compose-multiplatform/wasmJsTest/preparedComposeResources'
00:01.685 DEBUG generated/portfolio-in-compose-multiplatform/web/preparedComposeResources IncrementalCache          [inc] building 'generated/portfolio-in-compose-multiplatform/web/preparedComposeResources'
00:01.685 DEBUG generated/portfolio-in-compose-multiplatform/common/preparedComposeResources IncrementalCache          [inc] State file '/home/runner/work/portfolio-in-compose-multiplatform/portfolio-in-compose-multiplatform/build/incremental.state/generated_portfolio-in-compose-multiplatform_commo-5ebdfa949c' was generated with potentially different logic -> rebuilding
old: 0.12.0-dev-4184
current: 0.12.0-dev-4189
00:01.685 DEBUG generated/portfolio-in-compose-multiplatform/common/preparedComposeResources IncrementalCache          [inc] building 'generated/portfolio-in-compose-multiplatform/common/preparedComposeResources'
00:01.687 DEBUG generated/portfolio-in-compose-multiplatform/common/src/compose/resources/collectors IncrementalCache          [inc] State file '/home/runner/work/portfolio-in-compose-multiplatform/portfolio-in-compose-multiplatform/build/incremental.state/generated_portfolio-in-compose-multiplatform_commo-74d0c05194' was generated with potentially different logic -> rebuilding
old: 0.12.0-dev-4184
current: 0.12.0-dev-4189
00:01.687 DEBUG generated/portfolio-in-compose-multiplatform/common/src/compose/resources/collectors IncrementalCache          [inc] building 'generated/portfolio-in-compose-multiplatform/common/src/compose/resources/collectors'
00:01.696 DEBUG generated/portfolio-in-compose-multiplatform/common/preparedComposeResources IncrementalCache          [inc] 'generated/portfolio-in-compose-multiplatform/common/preparedComposeResources' changes: 
00:01.697 DEBUG generated/portfolio-in-compose-multiplatform/common/src/compose/resources/collectors IncrementalCache          [inc] 'generated/portfolio-in-compose-multiplatform/common/src/compose/resources/collectors' changes: 
00:01.698 DEBUG generated/portfolio-in-compose-multiplatform/web/preparedComposeResources IncrementalCache          [inc] 'generated/portfolio-in-compose-multiplatform/web/preparedComposeResources' changes: 
00:01.696 DEBUG generated/portfolio-in-compose-multiplatform/wasmJsTest/preparedComposeResources IncrementalCache          [inc] 'generated/portfolio-in-compose-multiplatform/wasmJsTest/preparedComposeResources' changes: 
00:01.699 DEBUG generated/portfolio-in-compose-multiplatform/common/src/compose/resources/commonResClass IncrementalCache          [inc] State file '/home/runner/work/portfolio-in-compose-multiplatform/portfolio-in-compose-multiplatform/build/incremental.state/generated_portfolio-in-compose-multiplatform_commo-932110bb67' was generated with potentially different logic -> rebuilding
old: 0.12.0-dev-4184
current: 0.12.0-dev-4189
00:01.699 DEBUG generated/portfolio-in-compose-multiplatform/common/src/compose/resources/commonResClass IncrementalCache          [inc] building 'generated/portfolio-in-compose-multiplatform/common/src/compose/resources/commonResClass'
00:01.699 DEBUG generated/portfolio-in-compose-multiplatform/webTest/preparedComposeResources IncrementalCache          [inc] State file '/home/runner/work/portfolio-in-compose-multiplatform/portfolio-in-compose-multiplatform/build/incremental.state/generated_portfolio-in-compose-multiplatform_webTe-0b2acf7621' was generated with potentially different logic -> rebuilding
old: 0.12.0-dev-4184
current: 0.12.0-dev-4189
00:01.699 DEBUG generated/portfolio-in-compose-multiplatform/webTest/preparedComposeResources IncrementalCache          [inc] building 'generated/portfolio-in-compose-multiplatform/webTest/preparedComposeResources'
00:01.701 DEBUG generated/portfolio-in-compose-multiplatform/webTest/preparedComposeResources IncrementalCache          [inc] 'generated/portfolio-in-compose-multiplatform/webTest/preparedComposeResources' changes: 
00:01.702 DEBUG generated/portfolio-in-compose-multiplatform/common/src/compose/resources/commonResClass IncrementalCache          [inc] 'generated/portfolio-in-compose-multiplatform/common/src/compose/resources/commonResClass' changes: 
00:01.703 DEBUG generated/portfolio-in-compose-multiplatform/wasmJs/preparedComposeResources IncrementalCache          [inc] State file '/home/runner/work/portfolio-in-compose-multiplatform/portfolio-in-compose-multiplatform/build/incremental.state/generated_portfolio-in-compose-multiplatform_wasmJ-a5b90c0335' was generated with potentially different logic -> rebuilding
old: 0.12.0-dev-4184
current: 0.12.0-dev-4189
00:01.704 DEBUG generated/portfolio-in-compose-multiplatform/commonTest/preparedComposeResources IncrementalCache          [inc] State file '/home/runner/work/portfolio-in-compose-multiplatform/portfolio-in-compose-multiplatform/build/incremental.state/generated_portfolio-in-compose-multiplatform_commo-5b73ff78cf' was generated with potentially different logic -> rebuilding
old: 0.12.0-dev-4184
current: 0.12.0-dev-4189
00:01.705 DEBUG generated/portfolio-in-compose-multiplatform/commonTest/preparedComposeResources IncrementalCache          [inc] building 'generated/portfolio-in-compose-multiplatform/commonTest/preparedComposeResources'
00:01.706 DEBUG generated/portfolio-in-compose-multiplatform/wasmJs/preparedComposeResources IncrementalCache          [inc] building 'generated/portfolio-in-compose-multiplatform/wasmJs/preparedComposeResources'
00:01.707 DEBUG generated/portfolio-in-compose-multiplatform/wasmJs/preparedComposeResources IncrementalCache          [inc] 'generated/portfolio-in-compose-multiplatform/wasmJs/preparedComposeResources' changes: 
00:01.708 DEBUG generated/portfolio-in-compose-multiplatform/commonTest/preparedComposeResources IncrementalCache          [inc] 'generated/portfolio-in-compose-multiplatform/commonTest/preparedComposeResources' changes: 
00:01.709 DEBUG generated/portfolio-in-compose-multiplatform/web/src/compose/resources/accessors IncrementalCache          [inc] State file '/home/runner/work/portfolio-in-compose-multiplatform/portfolio-in-compose-multiplatform/build/incremental.state/generated_portfolio-in-compose-multiplatform_web_s-2ad102e62b' was generated with potentially different logic -> rebuilding
old: 0.12.0-dev-4184
current: 0.12.0-dev-4189
00:01.709 DEBUG generated/portfolio-in-compose-multiplatform/web/src/compose/resources/accessors IncrementalCache          [inc] building 'generated/portfolio-in-compose-multiplatform/web/src/compose/resources/accessors'
00:01.710 DEBUG generated/portfolio-in-compose-multiplatform/wasmJsTest/src/compose/resources/accessors IncrementalCache          [inc] State file '/home/runner/work/portfolio-in-compose-multiplatform/portfolio-in-compose-multiplatform/build/incremental.state/generated_portfolio-in-compose-multiplatform_wasmJ-fc0ab1ea76' was generated with potentially different logic -> rebuilding
old: 0.12.0-dev-4184
current: 0.12.0-dev-4189
00:01.710 DEBUG generated/portfolio-in-compose-multiplatform/wasmJsTest/src/compose/resources/accessors IncrementalCache          [inc] building 'generated/portfolio-in-compose-multiplatform/wasmJsTest/src/compose/resources/accessors'
00:01.715 DEBUG generated/portfolio-in-compose-multiplatform/wasmJsTest/src/compose/resources/accessors IncrementalCache          [inc] 'generated/portfolio-in-compose-multiplatform/wasmJsTest/src/compose/resources/accessors' changes: 
00:01.718 DEBUG generated/portfolio-in-compose-multiplatform/wasmJs/src/compose/resources/accessors IncrementalCache          [inc] State file '/home/runner/work/portfolio-in-compose-multiplatform/portfolio-in-compose-multiplatform/build/incremental.state/generated_portfolio-in-compose-multiplatform_wasmJ-b1ffe85cd6' was generated with potentially different logic -> rebuilding
old: 0.12.0-dev-4184
current: 0.12.0-dev-4189
00:01.720 DEBUG generated/portfolio-in-compose-multiplatform/wasmJs/src/compose/resources/accessors IncrementalCache          [inc] building 'generated/portfolio-in-compose-multiplatform/wasmJs/src/compose/resources/accessors'
00:01.722 DEBUG generated/portfolio-in-compose-multiplatform/wasmJs/src/compose/resources/accessors IncrementalCache          [inc] 'generated/portfolio-in-compose-multiplatform/wasmJs/src/compose/resources/accessors' changes: 
00:01.722 DEBUG :portfolio-in-compose-multiplatform:resolveDependenciesWasmJs ResolveExternalDependenciesTask$Companion resolve dependencies portfolio-in-compose-multiplatform -- common wasmJs web -- org.jetbrains.compose.components:components-resources:1.10.3 org.jetbrains.compose.foundation:foundation:1.10.3 org.jetbrains.compose.material3:material3:1.10.0-alpha05 org.jetbrains.compose.runtime:runtime:1.10.3 org.jetbrains.compose.ui:ui:1.10.3 org.jetbrains.kotlin:kotlin-stdlib:2.3.21 -- resolvePlatform=wasm nativeTarget=null wasmTarget=js
00:01.722 DEBUG generated/portfolio-in-compose-multiplatform/web/src/compose/resources/accessors IncrementalCache          [inc] 'generated/portfolio-in-compose-multiplatform/web/src/compose/resources/accessors' changes: 
00:01.724 DEBUG :portfolio-in-compose-multiplatform:resolveDependenciesWasmJsTest ResolveExternalDependenciesTask$Companion resolve dependencies portfolio-in-compose-multiplatform -- commonTest wasmJsTest webTest -- org.jetbrains.compose.components:components-resources:1.10.3 org.jetbrains.compose.foundation:foundation:1.10.3 org.jetbrains.compose.material3:material3:1.10.0-alpha05 org.jetbrains.compose.runtime:runtime:1.10.3 org.jetbrains.compose.ui:ui:1.10.3 org.jetbrains.kotlin:kotlin-stdlib:2.3.21 org.jetbrains.kotlin:kotlin-test-annotations-common:2.3.21 org.jetbrains.kotlin:kotlin-test:2.3.21 -- resolvePlatform=wasm nativeTarget=null wasmTarget=js
00:01.725 DEBUG generated/portfolio-in-compose-multiplatform/webTest/src/compose/resources/accessors IncrementalCache          [inc] State file '/home/runner/work/portfolio-in-compose-multiplatform/portfolio-in-compose-multiplatform/build/incremental.state/generated_portfolio-in-compose-multiplatform_webTe-f25735bb35' was generated with potentially different logic -> rebuilding
old: 0.12.0-dev-4184
current: 0.12.0-dev-4189
00:01.725 DEBUG generated/portfolio-in-compose-multiplatform/webTest/src/compose/resources/accessors IncrementalCache          [inc] building 'generated/portfolio-in-compose-multiplatform/webTest/src/compose/resources/accessors'
00:01.726 DEBUG generated/portfolio-in-compose-multiplatform/common/src/compose/resources/accessors IncrementalCache          [inc] State file '/home/runner/work/portfolio-in-compose-multiplatform/portfolio-in-compose-multiplatform/build/incremental.state/generated_portfolio-in-compose-multiplatform_commo-faa021a546' was generated with potentially different logic -> rebuilding
old: 0.12.0-dev-4184
current: 0.12.0-dev-4189
00:01.726 DEBUG generated/portfolio-in-compose-multiplatform/common/src/compose/resources/accessors IncrementalCache          [inc] building 'generated/portfolio-in-compose-multiplatform/common/src/compose/resources/accessors'
00:01.727 DEBUG generated/portfolio-in-compose-multiplatform/webTest/src/compose/resources/accessors IncrementalCache          [inc] 'generated/portfolio-in-compose-multiplatform/webTest/src/compose/resources/accessors' changes: 
00:01.727 DEBUG generated/portfolio-in-compose-multiplatform/common/src/compose/resources/accessors IncrementalCache          [inc] 'generated/portfolio-in-compose-multiplatform/common/src/compose/resources/accessors' changes: 
00:01.733 DEBUG generated/portfolio-in-compose-multiplatform/commonTest/src/compose/resources/accessors IncrementalCache          [inc] State file '/home/runner/work/portfolio-in-compose-multiplatform/portfolio-in-compose-multiplatform/build/incremental.state/generated_portfolio-in-compose-multiplatform_commo-5d975efab3' was generated with potentially different logic -> rebuilding
old: 0.12.0-dev-4184
current: 0.12.0-dev-4189
00:01.733 DEBUG generated/portfolio-in-compose-multiplatform/commonTest/src/compose/resources/accessors IncrementalCache          [inc] building 'generated/portfolio-in-compose-multiplatform/commonTest/src/compose/resources/accessors'
00:01.735 DEBUG generated/portfolio-in-compose-multiplatform/commonTest/src/compose/resources/accessors IncrementalCache          [inc] 'generated/portfolio-in-compose-multiplatform/commonTest/src/compose/resources/accessors' changes: 
00:01.736 DEBUG generated/portfolio-in-compose-multiplatform/wasmJs/src/compose/resources/collectors IncrementalCache          [inc] State file '/home/runner/work/portfolio-in-compose-multiplatform/portfolio-in-compose-multiplatform/build/incremental.state/generated_portfolio-in-compose-multiplatform_wasmJ-d16b9c0646' was generated with potentially different logic -> rebuilding
old: 0.12.0-dev-4184
current: 0.12.0-dev-4189
00:01.736 DEBUG generated/portfolio-in-compose-multiplatform/wasmJs/src/compose/resources/collectors IncrementalCache          [inc] building 'generated/portfolio-in-compose-multiplatform/wasmJs/src/compose/resources/collectors'
00:01.737 DEBUG generated/portfolio-in-compose-multiplatform/wasmJs/src/compose/resources/collectors IncrementalCache          [inc] 'generated/portfolio-in-compose-multiplatform/wasmJs/src/compose/resources/collectors' changes: 
00:01.752 DEBUG :portfolio-in-compose-multiplatform:resolveDependenciesWasmJs IncrementalCache          [inc] State file '/home/runner/work/portfolio-in-compose-multiplatform/portfolio-in-compose-multiplatform/build/incremental.state/portfolio-in-compose-multiplatform_wasmJs_main-b357d9526c' was generated with potentially different logic -> rebuilding
old: 0.12.0-dev-4184
current: 0.12.0-dev-4189
00:01.752 DEBUG :portfolio-in-compose-multiplatform:resolveDependenciesWasmJsTest IncrementalCache          [inc] State file '/home/runner/work/portfolio-in-compose-multiplatform/portfolio-in-compose-multiplatform/build/incremental.state/portfolio-in-compose-multiplatform_wasmJs_test-87897ba12d' was generated with potentially different logic -> rebuilding
old: 0.12.0-dev-4184
current: 0.12.0-dev-4189
00:01.752 DEBUG :portfolio-in-compose-multiplatform:resolveDependenciesWasmJs IncrementalCache          [inc] building 'portfolio-in-compose-multiplatform:wasmJs:main'
00:01.752 DEBUG :portfolio-in-compose-multiplatform:resolveDependenciesWasmJsTest IncrementalCache          [inc] building 'portfolio-in-compose-multiplatform:wasmJs:test'
00:01.862 DEBUG :portfolio-in-compose-multiplatform:resolveDependenciesWasmJsTest IncrementalCache          [inc] State file '/home/runner/work/portfolio-in-compose-multiplatform/portfolio-in-compose-multiplatform/build/incremental.state/_home_runner_work_portfolio-in-compose-multiplatfo-37b2bc33cd' was generated with potentially different logic -> rebuilding
old: 0.12.0-dev-4184
current: 0.12.0-dev-4189
00:01.862 DEBUG :portfolio-in-compose-multiplatform:resolveDependenciesWasmJsTest IncrementalCache          [inc] building '/home/runner/work/portfolio-in-compose-multiplatform/portfolio-in-compose-multiplatform,leaf platforms,true,ResolutionConfigPlain(scope=COMPILE, platforms=[JVM], repositories=[https://repo1.maven.org/maven2]),false,true,NETWORK'
00:01.862 DEBUG :portfolio-in-compose-multiplatform:resolveDependenciesWasmJs IncrementalCache          [inc] State file '/home/runner/work/portfolio-in-compose-multiplatform/portfolio-in-compose-multiplatform/build/incremental.state/_home_runner_work_portfolio-in-compose-multiplatfo-2463df9667' was generated with potentially different logic -> rebuilding
old: 0.12.0-dev-4184
current: 0.12.0-dev-4189
00:01.863 DEBUG :portfolio-in-compose-multiplatform:resolveDependenciesWasmJs IncrementalCache          [inc] building '/home/runner/work/portfolio-in-compose-multiplatform/portfolio-in-compose-multiplatform,leaf platforms,false,ResolutionConfigPlain(scope=COMPILE, platforms=[JVM], repositories=[https://repo1.maven.org/maven2]),false,true,NETWORK'
00:03.169 DEBUG :portfolio-in-compose-multiplatform:resolveDependenciesWasmJsTest DependencyFileImpl        Downloaded https://repo1.maven.org/maven2/org/jetbrains/compose/animation/animation/1.9.3/animation-1.9.3.pom.sha512 for the dependency org.jetbrains.compose.animation:animation:1.9.3
00:03.169 DEBUG :portfolio-in-compose-multiplatform:resolveDependenciesWasmJsTest DependencyFileImpl        Downloaded https://repo1.maven.org/maven2/org/jetbrains/compose/foundation/foundation-layout/1.9.3/foundation-layout-1.9.3.pom.sha512 for the dependency org.jetbrains.compose.foundation:foundation-layout:1.9.3
00:03.195 DEBUG :portfolio-in-compose-multiplatform:resolveDependenciesWasmJsTest DependencyFileImpl        Downloaded https://repo1.maven.org/maven2/org/jetbrains/compose/foundation/foundation-layout/1.9.3/foundation-layout-1.9.3.pom for the dependency org.jetbrains.compose.foundation:foundation-layout:1.9.3
00:03.202 DEBUG :portfolio-in-compose-multiplatform:resolveDependenciesWasmJsTest DependencyFileImpl        Downloaded https://repo1.maven.org/maven2/org/jetbrains/compose/animation/animation/1.9.3/animation-1.9.3.pom for the dependency org.jetbrains.compose.animation:animation:1.9.3
00:03.220 DEBUG :portfolio-in-compose-multiplatform:resolveDependenciesWasmJsTest DependencyFileImpl        Downloaded https://repo1.maven.org/maven2/org/jetbrains/compose/foundation/foundation-layout/1.9.3/foundation-layout-1.9.3.module.sha512 for the dependency org.jetbrains.compose.foundation:foundation-layout:1.9.3
00:03.225 DEBUG :portfolio-in-compose-multiplatform:resolveDependenciesWasmJsTest DependencyFileImpl        Downloaded https://repo1.maven.org/maven2/org/jetbrains/compose/animation/animation/1.9.3/animation-1.9.3.module.sha512 for the dependency org.jetbrains.compose.animation:animation:1.9.3
00:03.248 DEBUG :portfolio-in-compose-multiplatform:resolveDependenciesWasmJsTest DependencyFileImpl        Downloaded https://repo1.maven.org/maven2/org/jetbrains/compose/foundation/foundation-layout/1.9.3/foundation-layout-1.9.3.module for the dependency org.jetbrains.compose.foundation:foundation-layout:1.9.3
00:03.251 DEBUG :portfolio-in-compose-multiplatform:resolveDependenciesWasmJsTest DependencyFileImpl        Downloaded https://repo1.maven.org/maven2/org/jetbrains/compose/animation/animation/1.9.3/animation-1.9.3.module for the dependency org.jetbrains.compose.animation:animation:1.9.3
00:03.283 DEBUG :portfolio-in-compose-multiplatform:resolveDependenciesWasmJsTest DependencyFileImpl        Downloaded https://repo1.maven.org/maven2/org/jetbrains/compose/animation/animation-wasm-js/1.9.3/animation-wasm-js-1.9.3.pom.sha512 for the dependency org.jetbrains.compose.animation:animation-wasm-js:1.9.3
00:03.283 DEBUG :portfolio-in-compose-multiplatform:resolveDependenciesWasmJs DependencyFileImpl        Downloaded https://repo1.maven.org/maven2/org/jetbrains/compose/foundation/foundation-layout-wasm-js/1.9.3/foundation-layout-wasm-js-1.9.3.pom.sha512 for the dependency org.jetbrains.compose.foundation:foundation-layout-wasm-js:1.9.3
00:03.304 DEBUG :portfolio-in-compose-multiplatform:resolveDependenciesWasmJsTest DependencyFileImpl        Downloaded https://repo1.maven.org/maven2/org/jetbrains/compose/animation/animation-wasm-js/1.9.3/animation-wasm-js-1.9.3.pom for the dependency org.jetbrains.compose.animation:animation-wasm-js:1.9.3
00:03.308 DEBUG :portfolio-in-compose-multiplatform:resolveDependenciesWasmJs DependencyFileImpl        Downloaded https://repo1.maven.org/maven2/org/jetbrains/compose/foundation/foundation-layout-wasm-js/1.9.3/foundation-layout-wasm-js-1.9.3.pom for the dependency org.jetbrains.compose.foundation:foundation-layout-wasm-js:1.9.3
00:03.334 DEBUG :portfolio-in-compose-multiplatform:resolveDependenciesWasmJs DependencyFileImpl        Downloaded https://repo1.maven.org/maven2/org/jetbrains/compose/foundation/foundation-layout-wasm-js/1.9.3/foundation-layout-wasm-js-1.9.3.module.sha512 for the dependency org.jetbrains.compose.foundation:foundation-layout-wasm-js:1.9.3
00:03.337 DEBUG :portfolio-in-compose-multiplatform:resolveDependenciesWasmJsTest DependencyFileImpl        Downloaded https://repo1.maven.org/maven2/org/jetbrains/compose/animation/animation-wasm-js/1.9.3/animation-wasm-js-1.9.3.module.sha512 for the dependency org.jetbrains.compose.animation:animation-wasm-js:1.9.3
00:03.356 DEBUG :portfolio-in-compose-multiplatform:resolveDependenciesWasmJs DependencyFileImpl        Downloaded https://repo1.maven.org/maven2/org/jetbrains/compose/foundation/foundation-layout-wasm-js/1.9.3/foundation-layout-wasm-js-1.9.3.module for the dependency org.jetbrains.compose.foundation:foundation-layout-wasm-js:1.9.3
00:03.358 DEBUG :portfolio-in-compose-multiplatform:resolveDependenciesWasmJsTest DependencyFileImpl        Downloaded https://repo1.maven.org/maven2/org/jetbrains/compose/animation/animation-wasm-js/1.9.3/animation-wasm-js-1.9.3.module for the dependency org.jetbrains.compose.animation:animation-wasm-js:1.9.3
00:03.448 DEBUG :portfolio-in-compose-multiplatform:resolveDependenciesWasmJsTest DependencyFileImpl        Not found URL: https://repo1.maven.org/maven2/org/jetbrains/kotlinx/atomicfu-wasm-js/0.23.2/atomicfu-wasm-js-0.23.2.pom.sha512
00:03.710 DEBUG :portfolio-in-compose-multiplatform:resolveDependenciesWasmJsTest DependencyFileImpl        Not found URL: https://maven.google.com/org/jetbrains/kotlinx/atomicfu-wasm-js/0.23.2/atomicfu-wasm-js-0.23.2.pom.sha512
00:03.731 DEBUG :portfolio-in-compose-multiplatform:resolveDependenciesWasmJsTest DependencyFileImpl        Not found URL: https://repo1.maven.org/maven2/org/jetbrains/kotlinx/atomicfu-wasm-js/0.23.2/atomicfu-wasm-js-0.23.2.pom.sha256
00:03.834 DEBUG :portfolio-in-compose-multiplatform:resolveDependenciesWasmJsTest DependencyFileImpl        Not found URL: https://maven.google.com/org/jetbrains/kotlinx/atomicfu-wasm-js/0.23.2/atomicfu-wasm-js-0.23.2.pom.sha256
00:03.853 DEBUG :portfolio-in-compose-multiplatform:resolveDependenciesWasmJsTest DependencyFileImpl        Downloaded https://repo1.maven.org/maven2/org/jetbrains/kotlinx/atomicfu-wasm-js/0.23.2/atomicfu-wasm-js-0.23.2.pom.sha1 for the dependency org.jetbrains.kotlinx:atomicfu-wasm-js:0.23.2
00:03.871 DEBUG :portfolio-in-compose-multiplatform:resolveDependenciesWasmJsTest DependencyFileImpl        Downloaded https://repo1.maven.org/maven2/org/jetbrains/kotlinx/atomicfu-wasm-js/0.23.2/atomicfu-wasm-js-0.23.2.pom for the dependency org.jetbrains.kotlinx:atomicfu-wasm-js:0.23.2
00:03.892 DEBUG :portfolio-in-compose-multiplatform:resolveDependenciesWasmJsTest DependencyFileImpl        Not found URL: https://repo1.maven.org/maven2/org/jetbrains/kotlinx/atomicfu-wasm-js/0.23.2/atomicfu-wasm-js-0.23.2.module.sha512
00:03.965 DEBUG :portfolio-in-compose-multiplatform:resolveDependenciesWasmJsTest DependencyFileImpl        Not found URL: https://maven.google.com/org/jetbrains/kotlinx/atomicfu-wasm-js/0.23.2/atomicfu-wasm-js-0.23.2.module.sha512
00:04.033 DEBUG :portfolio-in-compose-multiplatform:resolveDependenciesWasmJsTest DependencyFileImpl        Not found URL: https://repo1.maven.org/maven2/org/jetbrains/kotlinx/atomicfu-wasm-js/0.23.2/atomicfu-wasm-js-0.23.2.module.sha256
00:04.112 DEBUG :portfolio-in-compose-multiplatform:resolveDependenciesWasmJsTest DependencyFileImpl        Not found URL: https://maven.google.com/org/jetbrains/kotlinx/atomicfu-wasm-js/0.23.2/atomicfu-wasm-js-0.23.2.module.sha256
00:04.132 DEBUG :portfolio-in-compose-multiplatform:resolveDependenciesWasmJsTest DependencyFileImpl        Downloaded https://repo1.maven.org/maven2/org/jetbrains/kotlinx/atomicfu-wasm-js/0.23.2/atomicfu-wasm-js-0.23.2.module.sha1 for the dependency org.jetbrains.kotlinx:atomicfu-wasm-js:0.23.2
00:04.151 DEBUG :portfolio-in-compose-multiplatform:resolveDependenciesWasmJsTest DependencyFileImpl        Downloaded https://repo1.maven.org/maven2/org/jetbrains/kotlinx/atomicfu-wasm-js/0.23.2/atomicfu-wasm-js-0.23.2.module for the dependency org.jetbrains.kotlinx:atomicfu-wasm-js:0.23.2
00:04.737 DEBUG :portfolio-in-compose-multiplatform:resolveDependenciesWasmJs IncrementalCache          [inc] '/home/runner/work/portfolio-in-compose-multiplatform/portfolio-in-compose-multiplatform,leaf platforms,false,ResolutionConfigPlain(scope=COMPILE, platforms=[JVM], repositories=[https://repo1.maven.org/maven2]),false,true,NETWORK' changes: 
00:04.741 DEBUG :portfolio-in-compose-multiplatform:resolveDependenciesWasmJsTest IncrementalCache          [inc] '/home/runner/work/portfolio-in-compose-multiplatform/portfolio-in-compose-multiplatform,leaf platforms,true,ResolutionConfigPlain(scope=COMPILE, platforms=[JVM], repositories=[https://repo1.maven.org/maven2]),false,true,NETWORK' changes: 
00:04.761 DEBUG :portfolio-in-compose-multiplatform:resolveDependenciesWasmJs IncrementalCache          [inc] 'portfolio-in-compose-multiplatform:wasmJs:main' changes: 
00:04.764 DEBUG :portfolio-in-compose-multiplatform:resolveDependenciesWasmJs ResolveExternalDependenciesTask$Companion resolve dependencies portfolio-in-compose-multiplatform -- common wasmJs web -- org.jetbrains.compose.components:components-resources:1.10.3 org.jetbrains.compose.foundation:foundation:1.10.3 org.jetbrains.compose.material3:material3:1.10.0-alpha05 org.jetbrains.compose.runtime:runtime:1.10.3 org.jetbrains.compose.ui:ui:1.10.3 org.jetbrains.kotlin:kotlin-stdlib:2.3.21 -- resolvePlatform=WASM_JS nativeTarget=null
wasmTarget=js
https://repo1.maven.org/maven2 https://maven.google.com resolved to:
  .m2.cache/org/jetbrains/compose/runtime/runtime-wasm-js/1.10.3/runtime-wasm-js-1.10.3.klib
  .m2.cache/org/jetbrains/compose/foundation/foundation-wasm-js/1.10.3/foundation-wasm-js-1.10.3.klib
  .m2.cache/org/jetbrains/compose/material3/material3-wasm-js/1.10.0-alpha05/material3-wasm-js-1.10.0-alpha05.klib
  .m2.cache/org/jetbrains/compose/ui/ui-wasm-js/1.10.3/ui-wasm-js-1.10.3.klib
  .m2.cache/org/jetbrains/compose/components/components-resources-wasmJs/1.10.3/components-resources-wasmJs-1.10.3.klib
  .m2.cache/org/jetbrains/kotlin/kotlin-stdlib-wasm-js/2.3.21/kotlin-stdlib-wasm-js-2.3.21.klib
  .m2.cache/androidx/compose/runtime/runtime-wasm-js/1.10.5/runtime-wasm-js-1.10.5.klib
  .m2.cache/org/jetbrains/compose/animation/animation-wasm-js/1.10.3/animation-wasm-js-1.10.3.klib
  .m2.cache/org/jetbrains/skiko/skiko-wasm-js/0.9.37.4/skiko-wasm-js-0.9.37.4.klib
  .m2.cache/androidx/graphics/graphics-shapes-wasm-js/1.1.0/graphics-shapes-wasm-js-1.1.0.klib
  .m2.cache/org/jetbrains/compose/material/material-ripple-wasm-js/1.9.3/material-ripple-wasm-js-1.9.3.klib
  .m2.cache/org/jetbrains/compose/ui/ui-graphics-wasm-js/1.10.3/ui-graphics-wasm-js-1.10.3.klib
  .m2.cache/org/jetbrains/compose/ui/ui-text-wasm-js/1.10.3/ui-text-wasm-js-1.10.3.klib
  .m2.cache/androidx/compose/runtime/runtime-retain-wasm-js/1.10.5/runtime-retain-wasm-js-1.10.5.klib
  .m2.cache/org/jetbrains/androidx/lifecycle/lifecycle-common-wasm-js/2.9.6/lifecycle-common-wasm-js-2.9.6.klib
  .m2.cache/org/jetbrains/compose/runtime/runtime-saveable-wasm-js/1.10.3/runtime-saveable-wasm-js-1.10.3.klib
  .m2.cache/org/jetbrains/compose/ui/ui-geometry-wasm-js/1.10.3/ui-geometry-wasm-js-1.10.3.klib
  .m2.cache/org/jetbrains/compose/ui/ui-unit-wasm-js/1.10.3/ui-unit-wasm-js-1.10.3.klib
  .m2.cache/org/jetbrains/compose/ui/ui-util-wasm-js/1.10.3/ui-util-wasm-js-1.10.3.klib
  .m2.cache/org/jetbrains/kotlinx/kotlinx-browser-wasm-js/0.5.0/kotlinx-browser-wasm-js-0.5.0.klib
  .m2.cache/androidx/compose/runtime/runtime-annotation-wasm-js/1.10.5/runtime-annotation-wasm-js-1.10.5.klib
  .m2.cache/org/jetbrains/kotlinx/kotlinx-coroutines-core-wasm-js/1.9.0/kotlinx-coroutines-core-wasm-js-1.9.0.klib
  .m2.cache/org/jetbrains/compose/animation/animation-core-wasm-js/1.10.3/animation-core-wasm-js-1.10.3.klib
  .m2.cache/org/jetbrains/compose/foundation/foundation-layout-wasm-js/1.10.3/foundation-layout-wasm-js-1.10.3.klib
  .m2.cache/androidx/lifecycle/lifecycle-common-wasm-js/2.9.4/lifecycle-common-wasm-js-2.9.4.klib
  .m2.cache/androidx/compose/runtime/runtime-saveable-wasm-js/1.10.5/runtime-saveable-wasm-js-1.10.5.klib
  .m2.cache/org/jetbrains/androidx/savedstate/savedstate-compose-wasm-js/1.3.6/savedstate-compose-wasm-js-1.3.6.klib
  .m2.cache/org/jetbrains/kotlinx/atomicfu-wasm-js/0.27.0/atomicfu-wasm-js-0.27.0.klib
  .m2.cache/androidx/annotation/annotation-wasm-js/1.9.1/annotation-wasm-js-1.9.1.klib
  .m2.cache/androidx/savedstate/savedstate-compose-wasm-js/1.3.3/savedstate-compose-wasm-js-1.3.3.klib
  .m2.cache/org/jetbrains/androidx/savedstate/savedstate-wasm-js/1.3.6/savedstate-wasm-js-1.3.6.klib
  .m2.cache/androidx/savedstate/savedstate-wasm-js/1.3.3/savedstate-wasm-js-1.3.3.klib
  .m2.cache/org/jetbrains/kotlinx/kotlinx-serialization-core-wasm-js/1.7.3/kotlinx-serialization-core-wasm-js-1.7.3.klib
00:04.766 DEBUG :portfolio-in-compose-multiplatform:compileWasmJs WebCompileKlibTask        WASM_JS compile portfolio-in-compose-multiplatform -- collected external dependencies

00:04.768 DEBUG :portfolio-in-compose-multiplatform:npmInstallWasmJs IncrementalCache          [inc] State file '/home/runner/work/portfolio-in-compose-multiplatform/portfolio-in-compose-multiplatform/build/incremental.state/_portfolio-in-compose-multiplatform_npmInstallWasm-49daf76378' was generated with potentially different logic -> rebuilding
old: 0.12.0-dev-4184
current: 0.12.0-dev-4189
00:04.768 DEBUG :portfolio-in-compose-multiplatform:npmInstallWasmJs IncrementalCache          [inc] building ':portfolio-in-compose-multiplatform:npmInstallWasmJs-extract-npm-dependencies'
00:04.769 DEBUG :portfolio-in-compose-multiplatform:resolveDependenciesWasmJsTest IncrementalCache          [inc] 'portfolio-in-compose-multiplatform:wasmJs:test' changes: 
00:04.773 DEBUG :portfolio-in-compose-multiplatform:resolveDependenciesWasmJsTest ResolveExternalDependenciesTask$Companion resolve dependencies portfolio-in-compose-multiplatform -- commonTest wasmJsTest webTest -- org.jetbrains.compose.components:components-resources:1.10.3 org.jetbrains.compose.foundation:foundation:1.10.3 org.jetbrains.compose.material3:material3:1.10.0-alpha05 org.jetbrains.compose.runtime:runtime:1.10.3 org.jetbrains.compose.ui:ui:1.10.3 org.jetbrains.kotlin:kotlin-stdlib:2.3.21 org.jetbrains.kotlin:kotlin-test-annotations-common:2.3.21 org.jetbrains.kotlin:kotlin-test:2.3.21 -- resolvePlatform=WASM_JS nativeTarget=null
wasmTarget=js
https://repo1.maven.org/maven2 https://maven.google.com resolved to:
  .m2.cache/org/jetbrains/compose/runtime/runtime-wasm-js/1.10.3/runtime-wasm-js-1.10.3.klib
  .m2.cache/org/jetbrains/compose/foundation/foundation-wasm-js/1.10.3/foundation-wasm-js-1.10.3.klib
  .m2.cache/org/jetbrains/compose/material3/material3-wasm-js/1.10.0-alpha05/material3-wasm-js-1.10.0-alpha05.klib
  .m2.cache/org/jetbrains/compose/ui/ui-wasm-js/1.10.3/ui-wasm-js-1.10.3.klib
  .m2.cache/org/jetbrains/compose/components/components-resources-wasmJs/1.10.3/components-resources-wasmJs-1.10.3.klib
  .m2.cache/org/jetbrains/kotlin/kotlin-stdlib-wasm-js/2.3.21/kotlin-stdlib-wasm-js-2.3.21.klib
  .m2.cache/org/jetbrains/kotlin/kotlin-test-wasm-js/2.3.21/kotlin-test-wasm-js-2.3.21.klib
  .m2.cache/androidx/compose/runtime/runtime-wasm-js/1.10.5/runtime-wasm-js-1.10.5.klib
  .m2.cache/org/jetbrains/compose/animation/animation-wasm-js/1.10.3/animation-wasm-js-1.10.3.klib
  .m2.cache/org/jetbrains/skiko/skiko-wasm-js/0.9.37.4/skiko-wasm-js-0.9.37.4.klib
  .m2.cache/androidx/graphics/graphics-shapes-wasm-js/1.1.0/graphics-shapes-wasm-js-1.1.0.klib
  .m2.cache/org/jetbrains/compose/material/material-ripple-wasm-js/1.9.3/material-ripple-wasm-js-1.9.3.klib
  .m2.cache/org/jetbrains/compose/ui/ui-graphics-wasm-js/1.10.3/ui-graphics-wasm-js-1.10.3.klib
  .m2.cache/org/jetbrains/compose/ui/ui-text-wasm-js/1.10.3/ui-text-wasm-js-1.10.3.klib
  .m2.cache/androidx/compose/runtime/runtime-retain-wasm-js/1.10.5/runtime-retain-wasm-js-1.10.5.klib
  .m2.cache/org/jetbrains/androidx/lifecycle/lifecycle-common-wasm-js/2.9.6/lifecycle-common-wasm-js-2.9.6.klib
  .m2.cache/org/jetbrains/compose/runtime/runtime-saveable-wasm-js/1.10.3/runtime-saveable-wasm-js-1.10.3.klib
  .m2.cache/org/jetbrains/compose/ui/ui-geometry-wasm-js/1.10.3/ui-geometry-wasm-js-1.10.3.klib
  .m2.cache/org/jetbrains/compose/ui/ui-unit-wasm-js/1.10.3/ui-unit-wasm-js-1.10.3.klib
  .m2.cache/org/jetbrains/compose/ui/ui-util-wasm-js/1.10.3/ui-util-wasm-js-1.10.3.klib
  .m2.cache/org/jetbrains/kotlinx/kotlinx-browser-wasm-js/0.5.0/kotlinx-browser-wasm-js-0.5.0.klib
  .m2.cache/androidx/compose/runtime/runtime-annotation-wasm-js/1.10.5/runtime-annotation-wasm-js-1.10.5.klib
  .m2.cache/org/jetbrains/kotlinx/kotlinx-coroutines-core-wasm-js/1.9.0/kotlinx-coroutines-core-wasm-js-1.9.0.klib
  .m2.cache/org/jetbrains/compose/animation/animation-core-wasm-js/1.10.3/animation-core-wasm-js-1.10.3.klib
  .m2.cache/org/jetbrains/compose/foundation/foundation-layout-wasm-js/1.10.3/foundation-layout-wasm-js-1.10.3.klib
  .m2.cache/androidx/lifecycle/lifecycle-common-wasm-js/2.9.4/lifecycle-common-wasm-js-2.9.4.klib
  .m2.cache/androidx/compose/runtime/runtime-saveable-wasm-js/1.10.5/runtime-saveable-wasm-js-1.10.5.klib
  .m2.cache/org/jetbrains/androidx/savedstate/savedstate-compose-wasm-js/1.3.6/savedstate-compose-wasm-js-1.3.6.klib
  .m2.cache/org/jetbrains/kotlinx/atomicfu-wasm-js/0.27.0/atomicfu-wasm-js-0.27.0.klib
  .m2.cache/androidx/annotation/annotation-wasm-js/1.9.1/annotation-wasm-js-1.9.1.klib
  .m2.cache/androidx/savedstate/savedstate-compose-wasm-js/1.3.3/savedstate-compose-wasm-js-1.3.3.klib
  .m2.cache/org/jetbrains/androidx/savedstate/savedstate-wasm-js/1.3.6/savedstate-wasm-js-1.3.6.klib
  .m2.cache/androidx/savedstate/savedstate-wasm-js/1.3.3/savedstate-wasm-js-1.3.3.klib
  .m2.cache/org/jetbrains/kotlinx/kotlinx-serialization-core-wasm-js/1.7.3/kotlinx-serialization-core-wasm-js-1.7.3.klib
00:04.782 DEBUG :portfolio-in-compose-multiplatform:npmInstallWasmJs IncrementalCache          [inc] State file '/home/runner/work/portfolio-in-compose-multiplatform/portfolio-in-compose-multiplatform/build/incremental.state/_portfolio-in-compose-multiplatform_npmInstallWasm-b1ec640ab8' was generated with potentially different logic -> rebuilding
old: 0.12.0-dev-4184
current: 0.12.0-dev-4189
00:04.782 DEBUG :portfolio-in-compose-multiplatform:npmInstallWasmJs IncrementalCache          [inc] building ':portfolio-in-compose-multiplatform:npmInstallWasmJs-install-npm-dependencies'
00:04.785 DEBUG :portfolio-in-compose-multiplatform:npmInstallWasmJs NpmInstallTask            Generated package.json with 1 npm dependencies at /home/runner/work/portfolio-in-compose-multiplatform/portfolio-in-compose-multiplatform/build/tasks/_portfolio-in-compose-multiplatform_npmInstallWasmJs/package.json
00:04.813 DEBUG :portfolio-in-compose-multiplatform:compileWasmJs JdkProvider               `JAVA_HOME` was found but doesn't match the JDK selection criteria: major version mismatch: expected 21 but got 17. The Kotlin Toolchain will provision a suitable JDK instead.
00:04.819 DEBUG :portfolio-in-compose-multiplatform:compileWasmJs IncrementalCache          [inc] State file '/home/runner/work/portfolio-in-compose-multiplatform/portfolio-in-compose-multiplatform/build/incremental.state/jdk-provisioning___majorVersion__21_-bb08ac7436' was generated with potentially different logic -> rebuilding
old: 0.12.0-dev-4184
current: 0.12.0-dev-4189
00:04.819 DEBUG :portfolio-in-compose-multiplatform:compileWasmJs IncrementalCache          [inc] building 'jdk-provisioning_{"majorVersion":21}'
00:04.825 DEBUG :portfolio-in-compose-multiplatform:compileWasmJs IncrementalCache          [inc] State file '/home/runner/work/portfolio-in-compose-multiplatform/portfolio-in-compose-multiplatform/build/incremental.state/jdk-list-download-9a11f15790' was generated with potentially different logic -> rebuilding
old: 0.12.0-dev-4184
current: 0.12.0-dev-4189
00:04.826 DEBUG :portfolio-in-compose-multiplatform:compileWasmJs IncrementalCache          [inc] building 'jdk-list-download'
00:05.154 DEBUG :portfolio-in-compose-multiplatform:npmInstallWasmJs ExtractKt                 Skipping extract to /home/runner/.cache/JetBrains/Kotlin/extract.cache/d30df19002-pnpm-linux-x64.tar.gz.d90c13.d since flag file /home/runner/.cache/JetBrains/Kotlin/extract.cache/d30df19002-pnpm-linux-x64.tar.gz.d90c13.d.flag is correct
00:05.156 DEBUG :portfolio-in-compose-multiplatform:npmInstallWasmJs ProcessRunner             [cmd] /home/runner/.cache/JetBrains/Kotlin/extract.cache/d30df19002-pnpm-linux-x64.tar.gz.d90c13.d/pnpm config set --location=project updateNotifier false
00:05.784 DEBUG :portfolio-in-compose-multiplatform:compileWasmJs IncrementalCache          [inc] 'jdk-list-download' changes: 
00:05.794 DEBUG :portfolio-in-compose-multiplatform:compileWasmJs ExtractKt                 Skipping extract to /home/runner/.cache/JetBrains/Kotlin/extract.cache/f6ae9b8207-OpenJDK21U-jdk_x64_linux_hotspot_21.0.12_8.tar.gz.4ffc7e.d since flag file /home/runner/.cache/JetBrains/Kotlin/extract.cache/f6ae9b8207-OpenJDK21U-jdk_x64_linux_hotspot_21.0.12_8.tar.gz.4ffc7e.d.flag is correct
00:05.864 DEBUG :portfolio-in-compose-multiplatform:compileWasmJs IncrementalCache          [inc] 'jdk-provisioning_{"majorVersion":21}' changes: 
00:05.871 DEBUG :portfolio-in-compose-multiplatform:compileWasmJs IncrementalCache          [inc] State file '/home/runner/work/portfolio-in-compose-multiplatform/portfolio-in-compose-multiplatform/build/incremental.state/_portfolio-in-compose-multiplatform_compileWasmJs-bc8edca758' was generated with potentially different logic -> rebuilding
old: 0.12.0-dev-4184
current: 0.12.0-dev-4189
00:05.871 DEBUG :portfolio-in-compose-multiplatform:compileWasmJs IncrementalCache          [inc] building ':portfolio-in-compose-multiplatform:compileWasmJs'
00:05.878 INFO  :portfolio-in-compose-multiplatform:compileWasmJs Slf4jExtensionsKt         Compiling module 'portfolio-in-compose-multiplatform' for platform 'wasmJs'...
00:05.883 DEBUG :portfolio-in-compose-multiplatform:compileWasmJs IncrementalCache          [inc] State file '/home/runner/work/portfolio-in-compose-multiplatform/portfolio-in-compose-multiplatform/build/incremental.state/resolve-org.jetbrains.kotlin-kotlin-compiler-embed-a46a77a16d' was generated with potentially different logic -> rebuilding
old: 0.12.0-dev-4184
current: 0.12.0-dev-4189
00:05.883 DEBUG :portfolio-in-compose-multiplatform:compileWasmJs IncrementalCache          [inc] building 'resolve-org.jetbrains.kotlin-kotlin-compiler-embeddable-2.3.21'
00:06.059 DEBUG :portfolio-in-compose-multiplatform:npmInstallWasmJs ProcessRunner             [cmd] /home/runner/.cache/JetBrains/Kotlin/extract.cache/d30df19002-pnpm-linux-x64.tar.gz.d90c13.d/pnpm install
00:06.334 DEBUG :portfolio-in-compose-multiplatform:compileWasmJs IncrementalCache          [inc] 'resolve-org.jetbrains.kotlin-kotlin-compiler-embeddable-2.3.21' changes: 
00:06.337 DEBUG :portfolio-in-compose-multiplatform:compileWasmJs IncrementalCache          [inc] State file '/home/runner/work/portfolio-in-compose-multiplatform/portfolio-in-compose-multiplatform/build/incremental.state/resolve-org.jetbrains.kotlin-kotlin-compose-compil-eccb4c4535' was generated with potentially different logic -> rebuilding
old: 0.12.0-dev-4184
current: 0.12.0-dev-4189
00:06.337 DEBUG :portfolio-in-compose-multiplatform:compileWasmJs IncrementalCache          [inc] building 'resolve-org.jetbrains.kotlin-kotlin-compose-compiler-plugin-embeddable-2.3.21'
00:06.355 DEBUG :portfolio-in-compose-multiplatform:compileWasmJs IncrementalCache          [inc] 'resolve-org.jetbrains.kotlin-kotlin-compose-compiler-plugin-embeddable-2.3.21' changes: 
00:06.361 INFO  :portfolio-in-compose-multiplatform:compileWasmJs Slf4jExtensionsKt         Compiling module 'portfolio-in-compose-multiplatform' for platform 'wasmJs'...
00:06.365 DEBUG :portfolio-in-compose-multiplatform:compileWasmJs ProcessRunner             [cmd] /home/runner/.cache/JetBrains/Kotlin/extract.cache/f6ae9b8207-OpenJDK21U-jdk_x64_linux_hotspot_21.0.12_8.tar.gz.4ffc7e.d/jdk-21.0.12+8/bin/java @/home/runner/work/portfolio-in-compose-multiplatform/portfolio-in-compose-multiplatform/build/temp/java-args-13393435408317556809.txt
00:06.782 INFO  :portfolio-in-compose-multiplatform:npmInstallWasmJs LoggingProcessOutputListener Already up to date
00:06.785 INFO  :portfolio-in-compose-multiplatform:npmInstallWasmJs LoggingProcessOutputListener Done in 71ms using pnpm v11.9.0
00:06.805 INFO  :portfolio-in-compose-multiplatform:npmInstallWasmJs NpmInstallTask            pnpm install completed successfully
00:06.821 DEBUG :portfolio-in-compose-multiplatform:npmInstallWasmJs IncrementalCache          [inc] ':portfolio-in-compose-multiplatform:npmInstallWasmJs-install-npm-dependencies' changes: '/home/runner/work/portfolio-in-compose-multiplatform/portfolio-in-compose-multiplatform/build/tasks/_portfolio-in-compose-multiplatform_npmInstallWasmJs/node_modules/.pnpm-workspace-state-v1.json' MODIFIED
00:06.832 DEBUG :portfolio-in-compose-multiplatform:npmInstallWasmJs IncrementalCache          [inc] ':portfolio-in-compose-multiplatform:npmInstallWasmJs-extract-npm-dependencies' changes: '/home/runner/work/portfolio-in-compose-multiplatform/portfolio-in-compose-multiplatform/build/tasks/_portfolio-in-compose-multiplatform_npmInstallWasmJs/node_modules/.pnpm-workspace-state-v1.json' MODIFIED
00:12.377 INFO  :portfolio-in-compose-multiplatform:compileWasmJs MessagesKt                Compilation successful for 'portfolio-in-compose-multiplatform' [wasmJs]
00:12.379 DEBUG :portfolio-in-compose-multiplatform:compileWasmJs IncrementalCache          [inc] ':portfolio-in-compose-multiplatform:compileWasmJs' changes: '/home/runner/work/portfolio-in-compose-multiplatform/portfolio-in-compose-multiplatform/build/tasks/_portfolio-in-compose-multiplatform_compileWasmJs/portfolio-in-compose-multiplatform.klib' MODIFIED
00:12.381 DEBUG :portfolio-in-compose-multiplatform:compileWasmJsTest WebCompileKlibTask        WASM_JS compile portfolio-in-compose-multiplatform -- collected external dependencies

00:12.381 DEBUG :portfolio-in-compose-multiplatform:linkWasmJsRelease JdkProvider               `JAVA_HOME` was found but doesn't match the JDK selection criteria: major version mismatch: expected 21 but got 17. The Kotlin Toolchain will provision a suitable JDK instead.
00:12.381 DEBUG :portfolio-in-compose-multiplatform:compileWasmJsTest JdkProvider               `JAVA_HOME` was found but doesn't match the JDK selection criteria: major version mismatch: expected 21 but got 17. The Kotlin Toolchain will provision a suitable JDK instead.
00:12.382 DEBUG :portfolio-in-compose-multiplatform:linkWasmJsRelease WebLinkTask               WASM_JS link 'portfolio-in-compose-multiplatform' -- web common wasmJs
00:12.382 DEBUG :portfolio-in-compose-multiplatform:compileWasmJsTest IncrementalCache          [inc] State file '/home/runner/work/portfolio-in-compose-multiplatform/portfolio-in-compose-multiplatform/build/incremental.state/_portfolio-in-compose-multiplatform_compileWasmJsT-4175c4f363' was generated with potentially different logic -> rebuilding
old: 0.12.0-dev-4184
current: 0.12.0-dev-4189
00:12.383 DEBUG :portfolio-in-compose-multiplatform:compileWasmJsTest IncrementalCache          [inc] building ':portfolio-in-compose-multiplatform:compileWasmJsTest'
00:12.383 DEBUG :portfolio-in-compose-multiplatform:linkWasmJsRelease IncrementalCache          [inc] State file '/home/runner/work/portfolio-in-compose-multiplatform/portfolio-in-compose-multiplatform/build/incremental.state/_portfolio-in-compose-multiplatform_linkWasmJsRele-b5c1d30551' was generated with potentially different logic -> rebuilding
old: 0.12.0-dev-4184
current: 0.12.0-dev-4189
00:12.383 DEBUG :portfolio-in-compose-multiplatform:linkWasmJsRelease IncrementalCache          [inc] building ':portfolio-in-compose-multiplatform:linkWasmJsRelease'
00:12.384 DEBUG :portfolio-in-compose-multiplatform:compileWasmJsTest WebCompileKlibTask        No sources were found for fragments [commonTest, wasmJsTest, webTest] of module 'portfolio-in-compose-multiplatform', skipping compilation
00:12.387 DEBUG :portfolio-in-compose-multiplatform:compileWasmJsTest IncrementalCache          [inc] ':portfolio-in-compose-multiplatform:compileWasmJsTest' changes: 
00:12.387 DEBUG :portfolio-in-compose-multiplatform:linkWasmJsRelease IncrementalCache          [inc] 'resolve-org.jetbrains.kotlin-kotlin-compiler-embeddable-2.3.21' is up-to-date according to state file at '/home/runner/work/portfolio-in-compose-multiplatform/portfolio-in-compose-multiplatform/build/incremental.state/resolve-org.jetbrains.kotlin-kotlin-compiler-embed-a46a77a16d'
00:12.388 DEBUG :portfolio-in-compose-multiplatform:linkWasmJsTestRelease WebLinkTask               No test code was found compiled for fragments [commonTest, wasmJsTest, webTest] of module 'portfolio-in-compose-multiplatform', skipping linking
00:12.388 DEBUG :portfolio-in-compose-multiplatform:linkWasmJsRelease IncrementalCache          [inc] 'resolve-org.jetbrains.kotlin-kotlin-compose-compiler-plugin-embeddable-2.3.21' is up-to-date according to state file at '/home/runner/work/portfolio-in-compose-multiplatform/portfolio-in-compose-multiplatform/build/incremental.state/resolve-org.jetbrains.kotlin-kotlin-compose-compil-eccb4c4535'
00:12.389 INFO  :portfolio-in-compose-multiplatform:linkWasmJsRelease Slf4jExtensionsKt         Linking wasmJs executable for module 'portfolio-in-compose-multiplatform'...
00:12.390 DEBUG :portfolio-in-compose-multiplatform:linkWasmJsRelease ProcessRunner             [cmd] /home/runner/.cache/JetBrains/Kotlin/extract.cache/f6ae9b8207-OpenJDK21U-jdk_x64_linux_hotspot_21.0.12_8.tar.gz.4ffc7e.d/jdk-21.0.12+8/bin/java @/home/runner/work/portfolio-in-compose-multiplatform/portfolio-in-compose-multiplatform/build/temp/java-args-4000688333409590502.txt
00:51.254 DEBUG :portfolio-in-compose-multiplatform:linkWasmJsRelease IncrementalCache          [inc] ':portfolio-in-compose-multiplatform:linkWasmJsRelease' changes: '/home/runner/work/portfolio-in-compose-multiplatform/portfolio-in-compose-multiplatform/build/artifacts/CompiledWebArtifact/portfolio-in-compose-multiplatformwasmJsrelease/kotlin-output/portfolio-in-compose-multiplatform.import-object.mjs' MODIFIED, '/home/runner/work/portfolio-in-compose-multiplatform/portfolio-in-compose-multiplatform/build/artifacts/CompiledWebArtifact/portfolio-in-compose-multiplatformwasmJsrelease/kotlin-output/portfolio-in-compose-multiplatform.js-builtins.mjs' MODIFIED, '/home/runner/work/portfolio-in-compose-multiplatform/portfolio-in-compose-multiplatform/build/artifacts/CompiledWebArtifact/portfolio-in-compose-multiplatformwasmJsrelease/kotlin-output/portfolio-in-compose-multiplatform.mjs' MODIFIED, '/home/runner/work/portfolio-in-compose-multiplatform/portfolio-in-compose-multiplatform/build/artifacts/CompiledWebArtifact/portfolio-in-compose-multiplatformwasmJsrelease/kotlin-output/portfolio-in-compose-multiplatform.wasm' MODIFIED
00:51.258 DEBUG :portfolio-in-compose-multiplatform:buildWasmJsAppWasmJsRelease IncrementalCache          [inc] State file '/home/runner/work/portfolio-in-compose-multiplatform/portfolio-in-compose-multiplatform/build/incremental.state/_portfolio-in-compose-multiplatform_buildWasmJsApp-df509c2a64' was generated with potentially different logic -> rebuilding
old: 0.12.0-dev-4184
current: 0.12.0-dev-4189
00:51.258 DEBUG :portfolio-in-compose-multiplatform:buildWasmJsAppWasmJsRelease IncrementalCache          [inc] building ':portfolio-in-compose-multiplatform:buildWasmJsAppWasmJsRelease'
00:51.413 DEBUG :portfolio-in-compose-multiplatform:buildWasmJsAppWasmJsRelease IncrementalCache          [inc] ':portfolio-in-compose-multiplatform:buildWasmJsAppWasmJsRelease' changes: '/home/runner/work/portfolio-in-compose-multiplatform/portfolio-in-compose-multiplatform/build/tasks/_portfolio-in-compose-multiplatform_buildWasmJsAppWasmJsRelease/import-map-loader.js' MODIFIED, '/home/runner/work/portfolio-in-compose-multiplatform/portfolio-in-compose-multiplatform/build/tasks/_portfolio-in-compose-multiplatform_buildWasmJsAppWasmJsRelease/index.html' MODIFIED, '/home/runner/work/portfolio-in-compose-multiplatform/portfolio-in-compose-multiplatform/build/tasks/_portfolio-in-compose-multiplatform_buildWasmJsAppWasmJsRelease/portfolio-in-compose-multiplatform.import-object.mjs' MODIFIED, '/home/runner/work/portfolio-in-compose-multiplatform/portfolio-in-compose-multiplatform/build/tasks/_portfolio-in-compose-multiplatform_buildWasmJsAppWasmJsRelease/portfolio-in-compose-multiplatform.js-builtins.mjs' MODIFIED, '/home/runner/work/portfolio-in-compose-multiplatform/portfolio-in-compose-multiplatform/build/tasks/_portfolio-in-compose-multiplatform_buildWasmJsAppWasmJsRelease/portfolio-in-compose-multiplatform.mjs' MODIFIED, '/home/runner/work/portfolio-in-compose-multiplatform/portfolio-in-compose-multiplatform/build/tasks/_portfolio-in-compose-multiplatform_buildWasmJsAppWasmJsRelease/portfolio-in-compose-multiplatform.wasm' MODIFIED, '/home/runner/work/portfolio-in-compose-multiplatform/portfolio-in-compose-multiplatform/build/tasks/_portfolio-in-compose-multiplatform_buildWasmJsAppWasmJsRelease/skiko.mjs' MODIFIED, '/home/runner/work/portfolio-in-compose-multiplatform/portfolio-in-compose-multiplatform/build/tasks/_portfolio-in-compose-multiplatform_buildWasmJsAppWasmJsRelease/skiko.wasm' MODIFIED, '/home/runner/work/portfolio-in-compose-multiplatform/portfolio-in-compose-multiplatform/build/tasks/_portfolio-in-compose-multiplatform_buildWasmJsAppWasmJsRelease/vendors/@js-joda/core/CHANGELOG.md' MODIFIED, '/home/runner/work/portfolio-in-compose-multiplatform/portfolio-in-compose-multiplatform/build/tasks/_portfolio-in-compose-multiplatform_buildWasmJsAppWasmJsRelease/vendors/@js-joda/core/CheatSheet.md' MODIFIED, '/home/runner/work/portfolio-in-compose-multiplatform/portfolio-in-compose-multiplatform/build/tasks/_portfolio-in-compose-multiplatform_buildWasmJsAppWasmJsRelease/vendors/@js-joda/core/LICENSE' MODIFIED, '/home/runner/work/portfolio-in-compose-multiplatform/portfolio-in-compose-multiplatform/build/tasks/_portfolio-in-compose-multiplatform_buildWasmJsAppWasmJsRelease/vendors/@js-joda/core/README.md' MODIFIED, '/home/runner/work/portfolio-in-compose-multiplatform/portfolio-in-compose-multiplatform/build/tasks/_portfolio-in-compose-multiplatform_buildWasmJsAppWasmJsRelease/vendors/@js-joda/core/bower.json' MODIFIED, '/home/runner/work/portfolio-in-compose-multiplatform/portfolio-in-compose-multiplatform/build/tasks/_portfolio-in-compose-multiplatform_buildWasmJsAppWasmJsRelease/vendors/@js-joda/core/dist/js-joda.d.ts' MODIFIED, '/home/runner/work/portfolio-in-compose-multiplatform/portfolio-in-compose-multiplatform/build/tasks/_portfolio-in-compose-multiplatform_buildWasmJsAppWasmJsRelease/vendors/@js-joda/core/dist/js-joda.esm.js' MODIFIED, '/home/runner/work/portfolio-in-compose-multiplatform/portfolio-in-compose-multiplatform/build/tasks/_portfolio-in-compose-multiplatform_buildWasmJsAppWasmJsRelease/vendors/@js-joda/core/dist/js-joda.flow.js' MODIFIED, '/home/runner/work/portfolio-in-compose-multiplatform/portfolio-in-compose-multiplatform/build/tasks/_portfolio-in-compose-multiplatform_buildWasmJsAppWasmJsRelease/vendors/@js-joda/core/dist/js-joda.js' MODIFIED, '/home/runner/work/portfolio-in-compose-multiplatform/portfolio-in-compose-multiplatform/build/tasks/_portfolio-in-compose-multiplatform_buildWasmJsAppWasmJsRelease/vendors/@js-joda/core/dist/js-joda.js.map' MODIFIED, '/home/runner/work/portfolio-in-compose-multiplatform/portfolio-in-compose-multiplatform/build/tasks/_portfolio-in-compose-multiplatform_buildWasmJsAppWasmJsRelease/vendors/@js-joda/core/dist/js-joda.min.js' MODIFIED, '/home/runner/work/portfolio-in-compose-multiplatform/portfolio-in-compose-multiplatform/build/tasks/_portfolio-in-compose-multiplatform_buildWasmJsAppWasmJsRelease/vendors/@js-joda/core/package.json' MODIFIED, '/home/runner/work/portfolio-in-compose-multiplatform/portfolio-in-compose-multiplatform/build/tasks/_portfolio-in-compose-multiplatform_buildWasmJsAppWasmJsRelease/vendors/@js-joda/core/src/Clock.js' MODIFIED, '/home/runner/work/portfolio-in-compose-multiplatform/portfolio-in-compose-multiplatform/build/tasks/_portfolio-in-compose-multiplatform_buildWasmJsAppWasmJsRelease/vendors/@js-joda/core/src/DayOfWeek.js' MODIFIED, '/home/runner/work/portfolio-in-compose-multiplatform/portfolio-in-compose-multiplatform/build/tasks/_portfolio-in-compose-multiplatform_buildWasmJsAppWasmJsRelease/vendors/@js-joda/core/src/Duration.js' MODIFIED, '/home/runner/work/portfolio-in-compose-multiplatform/portfolio-in-compose-multiplatform/build/tasks/_portfolio-in-compose-multiplatform_buildWasmJsAppWasmJsRelease/vendors/@js-joda/core/src/Enum.js' MODIFIED, '/home/runner/work/portfolio-in-compose-multiplatform/portfolio-in-compose-multiplatform/build/tasks/_portfolio-in-compose-multiplatform_buildWasmJsAppWasmJsRelease/vendors/@js-joda/core/src/Instant.js' MODIFIED, '/home/runner/work/portfolio-in-compose-multiplatform/portfolio-in-compose-multiplatform/build/tasks/_portfolio-in-compose-multiplatform_buildWasmJsAppWasmJsRelease/vendors/@js-joda/core/src/LocalDate.js' MODIFIED, '/home/runner/work/portfolio-in-compose-multiplatform/portfolio-in-compose-multiplatform/build/tasks/_portfolio-in-compose-multiplatform_buildWasmJsAppWasmJsRelease/vendors/@js-joda/core/src/LocalDateTime.js' MODIFIED, '/home/runner/work/portfolio-in-compose-multiplatform/portfolio-in-compose-multiplatform/build/tasks/_portfolio-in-compose-multiplatform_buildWasmJsAppWasmJsRelease/vendors/@js-joda/core/src/LocalTime.js' MODIFIED, '/home/runner/work/portfolio-in-compose-multiplatform/portfolio-in-compose-multiplatform/build/tasks/_portfolio-in-compose-multiplatform_buildWasmJsAppWasmJsRelease/vendors/@js-joda/core/src/MathUtil.js' MODIFIED, '/home/runner/work/portfolio-in-compose-multiplatform/portfolio-in-compose-multiplatform/build/tasks/_portfolio-in-compose-multiplatform_buildWasmJsAppWasmJsRelease/vendors/@js-joda/core/src/Month.js' MODIFIED, '/home/runner/work/portfolio-in-compose-multiplatform/portfolio-in-compose-multiplatform/build/tasks/_portfolio-in-compose-multiplatform_buildWasmJsAppWasmJsRelease/vendors/@js-joda/core/src/MonthDay.js' MODIFIED, '/home/runner/work/portfolio-in-compose-multiplatform/portfolio-in-compose-multiplatform/build/tasks/_portfolio-in-compose-multiplatform_buildWasmJsAppWasmJsRelease/vendors/@js-joda/core/src/OffsetDateTime.js' MODIFIED, '/home/runner/work/portfolio-in-compose-multiplatform/portfolio-in-compose-multiplatform/build/tasks/_portfolio-in-compose-multiplatform_buildWasmJsAppWasmJsRelease/vendors/@js-joda/core/src/OffsetTime.js' MODIFIED, '/home/runner/work/portfolio-in-compose-multiplatform/portfolio-in-compose-multiplatform/build/tasks/_portfolio-in-compose-multiplatform_buildWasmJsAppWasmJsRelease/vendors/@js-joda/core/src/Period.js' MODIFIED, '/home/runner/work/portfolio-in-compose-multiplatform/portfolio-in-compose-multiplatform/build/tasks/_portfolio-in-compose-multiplatform_buildWasmJsAppWasmJsRelease/vendors/@js-joda/core/src/StringUtil.js' MODIFIED, '/home/runner/work/portfolio-in-compose-multiplatform/portfolio-in-compose-multiplatform/build/tasks/_portfolio-in-compose-multiplatform_buildWasmJsAppWasmJsRelease/vendors/@js-joda/core/src/Year.js' MODIFIED, '/home/runner/work/portfolio-in-compose-multiplatform/portfolio-in-compose-multiplatform/build/tasks/_portfolio-in-compose-multiplatform_buildWasmJsAppWasmJsRelease/vendors/@js-joda/core/src/YearConstants.js' MODIFIED, '/home/runner/work/portfolio-in-compose-multiplatform/portfolio-in-compose-multiplatform/build/tasks/_portfolio-in-compose-multiplatform_buildWasmJsAppWasmJsRelease/vendors/@js-joda/core/src/YearMonth.js' MODIFIED, '/home/runner/work/portfolio-in-compose-multiplatform/portfolio-in-compose-multiplatform/build/tasks/_portfolio-in-compose-multiplatform_buildWasmJsAppWasmJsRelease/vendors/@js-joda/core/src/ZoneId.js' MODIFIED, '/home/runner/work/portfolio-in-compose-multiplatform/portfolio-in-compose-multiplatform/build/tasks/_portfolio-in-compose-multiplatform_buildWasmJsAppWasmJsRelease/vendors/@js-joda/core/src/ZoneIdFactory.js' MODIFIED, '/home/runner/work/portfolio-in-compose-multiplatform/portfolio-in-compose-multiplatform/build/tasks/_portfolio-in-compose-multiplatform_buildWasmJsAppWasmJsRelease/vendors/@js-joda/core/src/ZoneOffset.js' MODIFIED, '/home/runner/work/portfolio-in-compose-multiplatform/portfolio-in-compose-multiplatform/build/tasks/_portfolio-in-compose-multiplatform_buildWasmJsAppWasmJsRelease/vendors/@js-joda/core/src/ZoneRegion.js' MODIFIED, '/home/runner/work/portfolio-in-compose-multiplatform/portfolio-in-compose-multiplatform/build/tasks/_portfolio-in-compose-multiplatform_buildWasmJsAppWasmJsRelease/vendors/@js-joda/core/src/ZonedDateTime.js' MODIFIED, '/home/runner/work/portfolio-in-compose-multiplatform/portfolio-in-compose-multiplatform/build/tasks/_portfolio-in-compose-multiplatform_buildWasmJsAppWasmJsRelease/vendors/@js-joda/core/src/_init.js' MODIFIED, '/home/runner/work/portfolio-in-compose-multiplatform/portfolio-in-compose-multiplatform/build/tasks/_portfolio-in-compose-multiplatform_buildWasmJsAppWasmJsRelease/vendors/@js-joda/core/src/assert.js' MODIFIED, '/home/runner/work/portfolio-in-compose-multiplatform/portfolio-in-compose-multiplatform/build/tasks/_portfolio-in-compose-multiplatform_buildWasmJsAppWasmJsRelease/vendors/@js-joda/core/src/chrono/ChronoLocalDate.js' MODIFIED, '/home/runner/work/portfolio-in-compose-multiplatform/portfolio-in-compose-multiplatform/build/tasks/_portfolio-in-compose-multiplatform_buildWasmJsAppWasmJsRelease/vendors/@js-joda/core/src/chrono/ChronoLocalDateTime.js' MODIFIED, '/home/runner/work/portfolio-in-compose-multiplatform/portfolio-in-compose-multiplatform/build/tasks/_portfolio-in-compose-multiplatform_buildWasmJsAppWasmJsRelease/vendors/@js-joda/core/src/chrono/ChronoZonedDateTime.js' MODIFIED, '/home/runner/work/portfolio-in-compose-multiplatform/portfolio-in-compose-multiplatform/build/tasks/_portfolio-in-compose-multiplatform_buildWasmJsAppWasmJsRelease/vendors/@js-joda/core/src/chrono/IsoChronology.js' MODIFIED, '/home/runner/work/portfolio-in-compose-multiplatform/portfolio-in-compose-multiplatform/build/tasks/_portfolio-in-compose-multiplatform_buildWasmJsAppWasmJsRelease/vendors/@js-joda/core/src/convert.js' MODIFIED, '/home/runner/work/portfolio-in-compose-multiplatform/portfolio-in-compose-multiplatform/build/tasks/_portfolio-in-compose-multiplatform_buildWasmJsAppWasmJsRelease/vendors/@js-joda/core/src/errors.js' MODIFIED, '/home/runner/work/portfolio-in-compose-multiplatform/portfolio-in-compose-multiplatform/build/tasks/_portfolio-in-compose-multiplatform_buildWasmJsAppWasmJsRelease/vendors/@js-joda/core/src/format/DateTimeBuilder.js' MODIFIED, '/home/runner/work/portfolio-in-compose-multiplatform/portfolio-in-compose-multiplatform/build/tasks/_portfolio-in-compose-multiplatform_buildWasmJsAppWasmJsRelease/vendors/@js-joda/core/src/format/DateTimeFormatter.js' MODIFIED, '/home/runner/work/portfolio-in-compose-multiplatform/portfolio-in-compose-multiplatform/build/tasks/_portfolio-in-compose-multiplatform_buildWasmJsAppWasmJsRelease/vendors/@js-joda/core/src/format/DateTimeFormatterBuilder.js' MODIFIED, '/home/runner/work/portfolio-in-compose-multiplatform/portfolio-in-compose-multiplatform/build/tasks/_portfolio-in-compose-multiplatform_buildWasmJsAppWasmJsRelease/vendors/@js-joda/core/src/format/DateTimeParseContext.js' MODIFIED, '/home/runner/work/portfolio-in-compose-multiplatform/portfolio-in-compose-multiplatform/build/tasks/_portfolio-in-compose-multiplatform_buildWasmJsAppWasmJsRelease/vendors/@js-joda/core/src/format/DateTimePrintContext.js' MODIFIED, '/home/runner/work/portfolio-in-compose-multiplatform/portfolio-in-compose-multiplatform/build/tasks/_portfolio-in-compose-multiplatform_buildWasmJsAppWasmJsRelease/vendors/@js-joda/core/src/format/DecimalStyle.js' MODIFIED, '/home/runner/work/portfolio-in-compose-multiplatform/portfolio-in-compose-multiplatform/build/tasks/_portfolio-in-compose-multiplatform_buildWasmJsAppWasmJsRelease/vendors/@js-joda/core/src/format/EnumMap.js' MODIFIED, '/home/runner/work/portfolio-in-compose-multiplatform/portfolio-in-compose-multiplatform/build/tasks/_portfolio-in-compose-multiplatform_buildWasmJsAppWasmJsRelease/vendors/@js-joda/core/src/format/ParsePosition.js' MODIFIED, '/home/runner/work/portfolio-in-compose-multiplatform/portfolio-in-compose-multiplatform/build/tasks/_portfolio-in-compose-multiplatform_buildWasmJsAppWasmJsRelease/vendors/@js-joda/core/src/format/ResolverStyle.js' MODIFIED, '/home/runner/work/portfolio-in-compose-multiplatform/portfolio-in-compose-multiplatform/build/tasks/_portfolio-in-compose-multiplatform_buildWasmJsAppWasmJsRelease/vendors/@js-joda/core/src/format/SignStyle.js' MODIFIED, '/home/runner/work/portfolio-in-compose-multiplatform/portfolio-in-compose-multiplatform/build/tasks/_portfolio-in-compose-multiplatform_buildWasmJsAppWasmJsRelease/vendors/@js-joda/core/src/format/StringBuilder.js' MODIFIED, '/home/runner/work/portfolio-in-compose-multiplatform/portfolio-in-compose-multiplatform/build/tasks/_portfolio-in-compose-multiplatform_buildWasmJsAppWasmJsRelease/vendors/@js-joda/core/src/format/TextStyle.js' MODIFIED, '/home/runner/work/portfolio-in-compose-multiplatform/portfolio-in-compose-multiplatform/build/tasks/_portfolio-in-compose-multiplatform_buildWasmJsAppWasmJsRelease/vendors/@js-joda/core/src/format/parser/CharLiteralPrinterParser.js' MODIFIED, '/home/runner/work/portfolio-in-compose-multiplatform/portfolio-in-compose-multiplatform/build/tasks/_portfolio-in-compose-multiplatform_buildWasmJsAppWasmJsRelease/vendors/@js-joda/core/src/format/parser/CompositePrinterParser.js' MODIFIED, '/home/runner/work/portfolio-in-compose-multiplatform/portfolio-in-compose-multiplatform/build/tasks/_portfolio-in-compose-multiplatform_buildWasmJsAppWasmJsRelease/vendors/@js-joda/core/src/format/parser/FractionPrinterParser.js' MODIFIED, '/home/runner/work/portfolio-in-compose-multiplatform/portfolio-in-compose-multiplatform/build/tasks/_portfolio-in-compose-multiplatform_buildWasmJsAppWasmJsRelease/vendors/@js-joda/core/src/format/parser/NumberPrinterParser.js' MODIFIED, '/home/runner/work/portfolio-in-compose-multiplatform/portfolio-in-compose-multiplatform/build/tasks/_portfolio-in-compose-multiplatform_buildWasmJsAppWasmJsRelease/vendors/@js-joda/core/src/format/parser/OffsetIdPrinterParser.js' MODIFIED, '/home/runner/work/portfolio-in-compose-multiplatform/portfolio-in-compose-multiplatform/build/tasks/_portfolio-in-compose-multiplatform_buildWasmJsAppWasmJsRelease/vendors/@js-joda/core/src/format/parser/PadPrinterParserDecorator.js' MODIFIED, '/home/runner/work/portfolio-in-compose-multiplatform/portfolio-in-compose-multiplatform/build/tasks/_portfolio-in-compose-multiplatform_buildWasmJsAppWasmJsRelease/vendors/@js-joda/core/src/format/parser/SettingsParser.js' MODIFIED, '/home/runner/work/portfolio-in-compose-multiplatform/portfolio-in-compose-multiplatform/build/tasks/_portfolio-in-compose-multiplatform_buildWasmJsAppWasmJsRelease/vendors/@js-joda/core/src/format/parser/StringLiteralPrinterParser.js' MODIFIED, '/home/runner/work/portfolio-in-compose-multiplatform/portfolio-in-compose-multiplatform/build/tasks/_portfolio-in-compose-multiplatform_buildWasmJsAppWasmJsRelease/vendors/@js-joda/core/src/format/parser/ZoneIdPrinterParser.js' MODIFIED, '/home/runner/work/portfolio-in-compose-multiplatform/portfolio-in-compose-multiplatform/build/tasks/_portfolio-in-compose-multiplatform_buildWasmJsAppWasmJsRelease/vendors/@js-joda/core/src/js-joda.js' MODIFIED, '/home/runner/work/portfolio-in-compose-multiplatform/portfolio-in-compose-multiplatform/build/tasks/_portfolio-in-compose-multiplatform_buildWasmJsAppWasmJsRelease/vendors/@js-joda/core/src/license-preamble.js' MODIFIED, '/home/runner/work/portfolio-in-compose-multiplatform/portfolio-in-compose-multiplatform/build/tasks/_portfolio-in-compose-multiplatform_buildWasmJsAppWasmJsRelease/vendors/@js-joda/core/src/temporal/ChronoField.js' MODIFIED, '/home/runner/work/portfolio-in-compose-multiplatform/portfolio-in-compose-multiplatform/build/tasks/_portfolio-in-compose-multiplatform_buildWasmJsAppWasmJsRelease/vendors/@js-joda/core/src/temporal/ChronoUnit.js' MODIFIED, '/home/runner/work/portfolio-in-compose-multiplatform/portfolio-in-compose-multiplatform/build/tasks/_portfolio-in-compose-multiplatform_buildWasmJsAppWasmJsRelease/vendors/@js-joda/core/src/temporal/DefaultInterfaceTemporal.js' MODIFIED, '/home/runner/work/portfolio-in-compose-multiplatform/portfolio-in-compose-multiplatform/build/tasks/_portfolio-in-compose-multiplatform_buildWasmJsAppWasmJsRelease/vendors/@js-joda/core/src/temporal/IsoFields.js' MODIFIED, '/home/runner/work/portfolio-in-compose-multiplatform/portfolio-in-compose-multiplatform/build/tasks/_portfolio-in-compose-multiplatform_buildWasmJsAppWasmJsRelease/vendors/@js-joda/core/src/temporal/NativeJsTemporal.js' MODIFIED, '/home/runner/work/portfolio-in-compose-multiplatform/portfolio-in-compose-multiplatform/build/tasks/_portfolio-in-compose-multiplatform_buildWasmJsAppWasmJsRelease/vendors/@js-joda/core/src/temporal/Temporal.js' MODIFIED, '/home/runner/work/portfolio-in-compose-multiplatform/portfolio-in-compose-multiplatform/build/tasks/_portfolio-in-compose-multiplatform_buildWasmJsAppWasmJsRelease/vendors/@js-joda/core/src/temporal/TemporalAccessor.js' MODIFIED, '/home/runner/work/portfolio-in-compose-multiplatform/portfolio-in-compose-multiplatform/build/tasks/_portfolio-in-compose-multiplatform_buildWasmJsAppWasmJsRelease/vendors/@js-joda/core/src/temporal/TemporalAdjuster.js' MODIFIED, '/home/runner/work/portfolio-in-compose-multiplatform/portfolio-in-compose-multiplatform/build/tasks/_portfolio-in-compose-multiplatform_buildWasmJsAppWasmJsRelease/vendors/@js-joda/core/src/temporal/TemporalAdjusters.js' MODIFIED, '/home/runner/work/portfolio-in-compose-multiplatform/portfolio-in-compose-multiplatform/build/tasks/_portfolio-in-compose-multiplatform_buildWasmJsAppWasmJsRelease/vendors/@js-joda/core/src/temporal/TemporalAmount.js' MODIFIED, '/home/runner/work/portfolio-in-compose-multiplatform/portfolio-in-compose-multiplatform/build/tasks/_portfolio-in-compose-multiplatform_buildWasmJsAppWasmJsRelease/vendors/@js-joda/core/src/temporal/TemporalField.js' MODIFIED, '/home/runner/work/portfolio-in-compose-multiplatform/portfolio-in-compose-multiplatform/build/tasks/_portfolio-in-compose-multiplatform_buildWasmJsAppWasmJsRelease/vendors/@js-joda/core/src/temporal/TemporalQueries.js' MODIFIED, '/home/runner/work/portfolio-in-compose-multiplatform/portfolio-in-compose-multiplatform/build/tasks/_portfolio-in-compose-multiplatform_buildWasmJsAppWasmJsRelease/vendors/@js-joda/core/src/temporal/TemporalQueriesFactory.js' MODIFIED, '/home/runner/work/portfolio-in-compose-multiplatform/portfolio-in-compose-multiplatform/build/tasks/_portfolio-in-compose-multiplatform_buildWasmJsAppWasmJsRelease/vendors/@js-joda/core/src/temporal/TemporalQuery.js' MODIFIED, '/home/runner/work/portfolio-in-compose-multiplatform/portfolio-in-compose-multiplatform/build/tasks/_portfolio-in-compose-multiplatform_buildWasmJsAppWasmJsRelease/vendors/@js-joda/core/src/temporal/TemporalUnit.js' MODIFIED, '/home/runner/work/portfolio-in-compose-multiplatform/portfolio-in-compose-multiplatform/build/tasks/_portfolio-in-compose-multiplatform_buildWasmJsAppWasmJsRelease/vendors/@js-joda/core/src/temporal/ValueRange.js' MODIFIED, '/home/runner/work/portfolio-in-compose-multiplatform/portfolio-in-compose-multiplatform/build/tasks/_portfolio-in-compose-multiplatform_buildWasmJsAppWasmJsRelease/vendors/@js-joda/core/src/use.js' MODIFIED, '/home/runner/work/portfolio-in-compose-multiplatform/portfolio-in-compose-multiplatform/build/tasks/_portfolio-in-compose-multiplatform_buildWasmJsAppWasmJsRelease/vendors/@js-joda/core/src/zone/SystemDefaultZoneId.js' MODIFIED, '/home/runner/work/portfolio-in-compose-multiplatform/portfolio-in-compose-multiplatform/build/tasks/_portfolio-in-compose-multiplatform_buildWasmJsAppWasmJsRelease/vendors/@js-joda/core/src/zone/SystemDefaultZoneRules.js' MODIFIED, '/home/runner/work/portfolio-in-compose-multiplatform/portfolio-in-compose-multiplatform/build/tasks/_portfolio-in-compose-multiplatform_buildWasmJsAppWasmJsRelease/vendors/@js-joda/core/src/zone/ZoneOffsetTransition.js' MODIFIED, '/home/runner/work/portfolio-in-compose-multiplatform/portfolio-in-compose-multiplatform/build/tasks/_portfolio-in-compose-multiplatform_buildWasmJsAppWasmJsRelease/vendors/@js-joda/core/src/zone/ZoneRules.js' MODIFIED, '/home/runner/work/portfolio-in-compose-multiplatform/portfolio-in-compose-multiplatform/build/tasks/_portfolio-in-compose-multiplatform_buildWasmJsAppWasmJsRelease/vendors/@js-joda/core/src/zone/ZoneRulesProvider.js' MODIFIED
